// Jest Snapshot v1, https://goo.gl/fbAQLP

exports[`Component Matches snapshot 1`] = `
<div
  class="hello"
>
  Hello world.
</div>
`;
